// Jest Snapshot v1, https://goo.gl/fbAQLP

exports[`testing Calculator component rendering renders correctly 1`] = `
<div
  className="calculator-container"
>
  <h2>
    Let\`s do Some Math
  </h2>
  <div
    className="calculator"
  >
    <div
      className="display"
    >
      <input
        className="input-display"
        type="text"
        value=""
      />
    </div>
    <div
      className="buttons"
    >
      <button
        className="calculator-button"
        onClick={[Function]}
        type="button"
      >
        AC
      </button>
      <button
        className="calculator-button"
        onClick={[Function]}
        type="button"
      >
        +/-
      </button>
      <button
        className="calculator-button"
        onClick={[Function]}
        type="button"
      >
        %
      </button>
      <button
        className="calculator-button"
        onClick={[Function]}
        type="button"
      >
        รท
      </button>
      <button
        className="calculator-button"
        onClick={[Function]}
        type="button"
      >
        7
      </button>
      <button
        className="calculator-button"
        onClick={[Function]}
        type="button"
      >
        8
      </button>
      <button
        className="calculator-button"
        onClick={[Function]}
        type="button"
      >
        9
      </button>
      <button
        className="calculator-button"
        onClick={[Function]}
        type="button"
      >
        x
      </button>
      <button
        className="calculator-button"
        onClick={[Function]}
        type="button"
      >
        4
      </button>
      <button
        className="calculator-button"
        onClick={[Function]}
        type="button"
      >
        5
      </button>
      <button
        className="calculator-button"
        onClick={[Function]}
        type="button"
      >
        6
      </button>
      <button
        className="calculator-button"
        onClick={[Function]}
        type="button"
      >
        -
      </button>
      <button
        className="calculator-button"
        onClick={[Function]}
        type="button"
      >
        1
      </button>
      <button
        className="calculator-button"
        onClick={[Function]}
        type="button"
      >
        2
      </button>
      <button
        className="calculator-button"
        onClick={[Function]}
        type="button"
      >
        3
      </button>
      <button
        className="calculator-button"
        onClick={[Function]}
        type="button"
      >
        +
      </button>
      <button
        className="calculator-button calculator-button--0"
        onClick={[Function]}
        type="button"
      >
        0
      </button>
      <button
        className="calculator-button"
        onClick={[Function]}
        type="button"
      >
        .
      </button>
      <button
        className="calculator-button"
        onClick={[Function]}
        type="button"
      >
        =
      </button>
    </div>
  </div>
</div>
`;
