// Jest Snapshot v1, https://goo.gl/fbAQLP

exports[`testing Navigation component 1`] = `
<nav>
  <h1>
    Math Magician
  </h1>
  <ul>
    <li>
      <a
        href="/"
        onClick={[Function]}
      >
        Home
      </a>
    </li>
    <li>
      <a
        href="/calc"
        onClick={[Function]}
      >
        Calculator
      </a>
    </li>
    <li>
      <a
        href="/quote"
        onClick={[Function]}
      >
        Quote
      </a>
    </li>
  </ul>
</nav>
`;
