// Jest Snapshot v1, https://goo.gl/fbAQLP

exports[`testing Quote component functionality renders correctly 1`] = `
<div>
  Loading...
</div>
`;
